https://developer.mozilla.org/de/docs/Web/CSS/align-content
https://developer.mozilla.org/de/docs/Web/CSS/align-items
https://developer.mozilla.org/de/docs/Web/CSS/align-self
https://developer.mozilla.org/de/docs/Web/CSS/all
https://developer.mozilla.org/de/docs/Web/CSS/angle
https://developer.mozilla.org/de/docs/Web/CSS/animation
https://developer.mozilla.org/de/docs/Web/CSS/animation-delay
https://developer.mozilla.org/de/docs/Web/CSS/animation-direction
https://developer.mozilla.org/de/docs/Web/CSS/animation-duration
https://developer.mozilla.org/de/docs/Web/CSS/animation-fill-mode
https://developer.mozilla.org/de/docs/Web/CSS/animation-iteration-count
https://developer.mozilla.org/de/docs/Web/CSS/animation-name
https://developer.mozilla.org/de/docs/Web/CSS/animation-play-state
https://developer.mozilla.org/de/docs/Web/CSS/animation-timing-function
https://developer.mozilla.org/de/docs/Web/CSS/attr
https://developer.mozilla.org/de/docs/Web/CSS/backface-visibility
https://developer.mozilla.org/de/docs/Web/CSS/background
https://developer.mozilla.org/de/docs/Web/CSS/background-attachment
https://developer.mozilla.org/de/docs/Web/CSS/background-blend-mode
https://developer.mozilla.org/de/docs/Web/CSS/background-clip
https://developer.mozilla.org/de/docs/Web/CSS/background-color
https://developer.mozilla.org/de/docs/Web/CSS/background-image
https://developer.mozilla.org/de/docs/Web/CSS/background-origin
https://developer.mozilla.org/de/docs/Web/CSS/background-position
https://developer.mozilla.org/de/docs/Web/CSS/background-repeat
https://developer.mozilla.org/de/docs/Web/CSS/background-size
https://developer.mozilla.org/de/docs/Web/CSS/basic-shape
https://developer.mozilla.org/de/docs/Web/CSS/blend-mode
https://developer.mozilla.org/de/docs/Web/CSS/block-size
https://developer.mozilla.org/de/docs/Web/CSS/border
https://developer.mozilla.org/de/docs/Web/CSS/border-block
https://developer.mozilla.org/de/docs/Web/CSS/border-block-color
https://developer.mozilla.org/de/docs/Web/CSS/border-block-end
https://developer.mozilla.org/de/docs/Web/CSS/border-block-end-color
https://developer.mozilla.org/de/docs/Web/CSS/border-block-end-style
https://developer.mozilla.org/de/docs/Web/CSS/border-block-end-width
https://developer.mozilla.org/de/docs/Web/CSS/border-block-start
https://developer.mozilla.org/de/docs/Web/CSS/border-block-start-color
https://developer.mozilla.org/de/docs/Web/CSS/border-block-start-style
https://developer.mozilla.org/de/docs/Web/CSS/border-block-start-width
https://developer.mozilla.org/de/docs/Web/CSS/border-block-style
https://developer.mozilla.org/de/docs/Web/CSS/border-block-width
https://developer.mozilla.org/de/docs/Web/CSS/border-bottom
https://developer.mozilla.org/de/docs/Web/CSS/border-bottom-color
https://developer.mozilla.org/de/docs/Web/CSS/border-bottom-left-radius
https://developer.mozilla.org/de/docs/Web/CSS/border-bottom-right-radius
https://developer.mozilla.org/de/docs/Web/CSS/border-bottom-style
https://developer.mozilla.org/de/docs/Web/CSS/border-bottom-width
https://developer.mozilla.org/de/docs/Web/CSS/border-collapse
https://developer.mozilla.org/de/docs/Web/CSS/border-color
https://developer.mozilla.org/de/docs/Web/CSS/border-end-end-radius
https://developer.mozilla.org/de/docs/Web/CSS/border-end-start-radius
https://developer.mozilla.org/de/docs/Web/CSS/border-image
https://developer.mozilla.org/de/docs/Web/CSS/border-image-outset
https://developer.mozilla.org/de/docs/Web/CSS/border-image-repeat
https://developer.mozilla.org/de/docs/Web/CSS/border-image-slice
https://developer.mozilla.org/de/docs/Web/CSS/border-image-source
https://developer.mozilla.org/de/docs/Web/CSS/border-image-width
https://developer.mozilla.org/de/docs/Web/CSS/border-inline
https://developer.mozilla.org/de/docs/Web/CSS/border-inline-color
https://developer.mozilla.org/de/docs/Web/CSS/border-inline-end
https://developer.mozilla.org/de/docs/Web/CSS/border-inline-end-color
https://developer.mozilla.org/de/docs/Web/CSS/border-inline-end-style
https://developer.mozilla.org/de/docs/Web/CSS/border-inline-end-width
https://developer.mozilla.org/de/docs/Web/CSS/border-inline-start
https://developer.mozilla.org/de/docs/Web/CSS/border-inline-start-color
https://developer.mozilla.org/de/docs/Web/CSS/border-inline-start-style
https://developer.mozilla.org/de/docs/Web/CSS/border-inline-start-width
https://developer.mozilla.org/de/docs/Web/CSS/border-inline-style
https://developer.mozilla.org/de/docs/Web/CSS/border-inline-width
https://developer.mozilla.org/de/docs/Web/CSS/border-left
https://developer.mozilla.org/de/docs/Web/CSS/border-left-color
https://developer.mozilla.org/de/docs/Web/CSS/border-left-style
https://developer.mozilla.org/de/docs/Web/CSS/border-left-width
https://developer.mozilla.org/de/docs/Web/CSS/border-radius
https://developer.mozilla.org/de/docs/Web/CSS/border-right
https://developer.mozilla.org/de/docs/Web/CSS/border-right-color
https://developer.mozilla.org/de/docs/Web/CSS/border-right-style
https://developer.mozilla.org/de/docs/Web/CSS/border-right-width
https://developer.mozilla.org/de/docs/Web/CSS/border-spacing
https://developer.mozilla.org/de/docs/Web/CSS/border-start-end-radius
https://developer.mozilla.org/de/docs/Web/CSS/border-start-start-radius
https://developer.mozilla.org/de/docs/Web/CSS/border-style
https://developer.mozilla.org/de/docs/Web/CSS/border-top
https://developer.mozilla.org/de/docs/Web/CSS/border-top-color
https://developer.mozilla.org/de/docs/Web/CSS/border-top-left-radius
https://developer.mozilla.org/de/docs/Web/CSS/border-top-right-radius
https://developer.mozilla.org/de/docs/Web/CSS/border-top-style
https://developer.mozilla.org/de/docs/Web/CSS/border-top-width
https://developer.mozilla.org/de/docs/Web/CSS/border-width
https://developer.mozilla.org/de/docs/Web/CSS/bottom
https://developer.mozilla.org/de/docs/Web/CSS/box-decoration-break
https://developer.mozilla.org/de/docs/Web/CSS/box-shadow
https://developer.mozilla.org/de/docs/Web/CSS/box-sizing
https://developer.mozilla.org/de/docs/Web/CSS/break-after
https://developer.mozilla.org/de/docs/Web/CSS/break-before
https://developer.mozilla.org/de/docs/Web/CSS/break-inside
https://developer.mozilla.org/de/docs/Web/CSS/calc
https://developer.mozilla.org/de/docs/Web/CSS/caption-side
https://developer.mozilla.org/de/docs/Web/CSS/caret-color
https://developer.mozilla.org/de/docs/Web/CSS/clamp
https://developer.mozilla.org/de/docs/Web/CSS/clear
https://developer.mozilla.org/de/docs/Web/CSS/clip
https://developer.mozilla.org/de/docs/Web/CSS/clip-path
https://developer.mozilla.org/de/docs/Web/CSS/color
https://developer.mozilla.org/de/docs/Web/CSS/color-adjust
https://developer.mozilla.org/de/docs/Web/CSS/column-count
https://developer.mozilla.org/de/docs/Web/CSS/column-fill
https://developer.mozilla.org/de/docs/Web/CSS/column-gap
https://developer.mozilla.org/de/docs/Web/CSS/column-rule
https://developer.mozilla.org/de/docs/Web/CSS/column-rule-color
https://developer.mozilla.org/de/docs/Web/CSS/column-rule-style
https://developer.mozilla.org/de/docs/Web/CSS/column-rule-width
https://developer.mozilla.org/de/docs/Web/CSS/column-span
https://developer.mozilla.org/de/docs/Web/CSS/column-width
https://developer.mozilla.org/de/docs/Web/CSS/columns
https://developer.mozilla.org/de/docs/Web/CSS/conic-gradient
https://developer.mozilla.org/de/docs/Web/CSS/content
https://developer.mozilla.org/de/docs/Web/CSS/counter
https://developer.mozilla.org/de/docs/Web/CSS/counter-increment
https://developer.mozilla.org/de/docs/Web/CSS/counter-reset
https://developer.mozilla.org/de/docs/Web/CSS/cross-fade
https://developer.mozilla.org/de/docs/Web/CSS/cursor
https://developer.mozilla.org/de/docs/Web/CSS/custom-ident
https://developer.mozilla.org/de/docs/Web/CSS/direction
https://developer.mozilla.org/de/docs/Web/CSS/display
https://developer.mozilla.org/de/docs/Web/CSS/display-box
https://developer.mozilla.org/de/docs/Web/CSS/display-inside
https://developer.mozilla.org/de/docs/Web/CSS/display-internal
https://developer.mozilla.org/de/docs/Web/CSS/display-legacy
https://developer.mozilla.org/de/docs/Web/CSS/display-listitem
https://developer.mozilla.org/de/docs/Web/CSS/display-outside
https://developer.mozilla.org/de/docs/Web/CSS/element
https://developer.mozilla.org/de/docs/Web/CSS/empty-cells
https://developer.mozilla.org/de/docs/Web/CSS/env
https://developer.mozilla.org/de/docs/Web/CSS/filter
https://developer.mozilla.org/de/docs/Web/CSS/filter-function
https://developer.mozilla.org/de/docs/Web/CSS/fit-content
https://developer.mozilla.org/de/docs/Web/CSS/flex
https://developer.mozilla.org/de/docs/Web/CSS/flex-basis
https://developer.mozilla.org/de/docs/Web/CSS/flex-direction
https://developer.mozilla.org/de/docs/Web/CSS/flex-flow
https://developer.mozilla.org/de/docs/Web/CSS/flex-grow
https://developer.mozilla.org/de/docs/Web/CSS/flex-shrink
https://developer.mozilla.org/de/docs/Web/CSS/flex-wrap
https://developer.mozilla.org/de/docs/Web/CSS/float
https://developer.mozilla.org/de/docs/Web/CSS/font
https://developer.mozilla.org/de/docs/Web/CSS/font-family
https://developer.mozilla.org/de/docs/Web/CSS/font-feature-settings
https://developer.mozilla.org/de/docs/Web/CSS/font-kerning
https://developer.mozilla.org/de/docs/Web/CSS/font-language-override
https://developer.mozilla.org/de/docs/Web/CSS/font-optical-sizing
https://developer.mozilla.org/de/docs/Web/CSS/font-size
https://developer.mozilla.org/de/docs/Web/CSS/font-size-adjust
https://developer.mozilla.org/de/docs/Web/CSS/font-stretch
https://developer.mozilla.org/de/docs/Web/CSS/font-style
https://developer.mozilla.org/de/docs/Web/CSS/font-synthesis
https://developer.mozilla.org/de/docs/Web/CSS/font-variant
https://developer.mozilla.org/de/docs/Web/CSS/font-variant-alternates
https://developer.mozilla.org/de/docs/Web/CSS/font-variant-caps
https://developer.mozilla.org/de/docs/Web/CSS/font-variant-east-asian
https://developer.mozilla.org/de/docs/Web/CSS/font-variant-ligatures
https://developer.mozilla.org/de/docs/Web/CSS/font-variant-numeric
https://developer.mozilla.org/de/docs/Web/CSS/font-variant-position
https://developer.mozilla.org/de/docs/Web/CSS/font-weight
https://developer.mozilla.org/de/docs/Web/CSS/frequency
https://developer.mozilla.org/de/docs/Web/CSS/gap
https://developer.mozilla.org/de/docs/Web/CSS/gradient
https://developer.mozilla.org/de/docs/Web/CSS/grid
https://developer.mozilla.org/de/docs/Web/CSS/grid-area
https://developer.mozilla.org/de/docs/Web/CSS/grid-auto-columns
https://developer.mozilla.org/de/docs/Web/CSS/grid-auto-flow
https://developer.mozilla.org/de/docs/Web/CSS/grid-auto-rows
https://developer.mozilla.org/de/docs/Web/CSS/grid-column
https://developer.mozilla.org/de/docs/Web/CSS/grid-column-end
https://developer.mozilla.org/de/docs/Web/CSS/grid-column-start
https://developer.mozilla.org/de/docs/Web/CSS/grid-row
https://developer.mozilla.org/de/docs/Web/CSS/grid-row-end
https://developer.mozilla.org/de/docs/Web/CSS/grid-row-start
https://developer.mozilla.org/de/docs/Web/CSS/grid-template
https://developer.mozilla.org/de/docs/Web/CSS/grid-template-areas
https://developer.mozilla.org/de/docs/Web/CSS/grid-template-columns
https://developer.mozilla.org/de/docs/Web/CSS/grid-template-rows
https://developer.mozilla.org/de/docs/Web/CSS/hanging-punctuation
https://developer.mozilla.org/de/docs/Web/CSS/height
https://developer.mozilla.org/de/docs/Web/CSS/hyphens
https://developer.mozilla.org/de/docs/Web/CSS/ident
https://developer.mozilla.org/de/docs/Web/CSS/image
https://developer.mozilla.org/de/docs/Web/CSS/image-orientation
https://developer.mozilla.org/de/docs/Web/CSS/image-rendering
https://developer.mozilla.org/de/docs/Web/CSS/image-set
https://developer.mozilla.org/de/docs/Web/CSS/inherit
https://developer.mozilla.org/de/docs/Web/CSS/initial
https://developer.mozilla.org/de/docs/Web/CSS/inline-size
https://developer.mozilla.org/de/docs/Web/CSS/inset
https://developer.mozilla.org/de/docs/Web/CSS/inset-block
https://developer.mozilla.org/de/docs/Web/CSS/inset-block-end
https://developer.mozilla.org/de/docs/Web/CSS/inset-block-start
https://developer.mozilla.org/de/docs/Web/CSS/inset-inline
https://developer.mozilla.org/de/docs/Web/CSS/inset-inline-end
https://developer.mozilla.org/de/docs/Web/CSS/inset-inline-start
https://developer.mozilla.org/de/docs/Web/CSS/integer
https://developer.mozilla.org/de/docs/Web/CSS/isolation
https://developer.mozilla.org/de/docs/Web/CSS/justify-content
https://developer.mozilla.org/de/docs/Web/CSS/justify-items
https://developer.mozilla.org/de/docs/Web/CSS/justify-self
https://developer.mozilla.org/de/docs/Web/CSS/leader
https://developer.mozilla.org/de/docs/Web/CSS/left
https://developer.mozilla.org/de/docs/Web/CSS/length
https://developer.mozilla.org/de/docs/Web/CSS/letter-spacing
https://developer.mozilla.org/de/docs/Web/CSS/line-break
https://developer.mozilla.org/de/docs/Web/CSS/line-height
https://developer.mozilla.org/de/docs/Web/CSS/linear-gradient
https://developer.mozilla.org/de/docs/Web/CSS/list-style
https://developer.mozilla.org/de/docs/Web/CSS/list-style-image
https://developer.mozilla.org/de/docs/Web/CSS/list-style-position
https://developer.mozilla.org/de/docs/Web/CSS/list-style-type
https://developer.mozilla.org/de/docs/Web/CSS/margin
https://developer.mozilla.org/de/docs/Web/CSS/margin-block
https://developer.mozilla.org/de/docs/Web/CSS/margin-block-end
https://developer.mozilla.org/de/docs/Web/CSS/margin-block-start
https://developer.mozilla.org/de/docs/Web/CSS/margin-bottom
https://developer.mozilla.org/de/docs/Web/CSS/margin-inline
https://developer.mozilla.org/de/docs/Web/CSS/margin-inline-end
https://developer.mozilla.org/de/docs/Web/CSS/margin-inline-start
https://developer.mozilla.org/de/docs/Web/CSS/margin-left
https://developer.mozilla.org/de/docs/Web/CSS/margin-right
https://developer.mozilla.org/de/docs/Web/CSS/margin-top
https://developer.mozilla.org/de/docs/Web/CSS/mask
https://developer.mozilla.org/de/docs/Web/CSS/mask-clip
https://developer.mozilla.org/de/docs/Web/CSS/mask-composite
https://developer.mozilla.org/de/docs/Web/CSS/mask-image
https://developer.mozilla.org/de/docs/Web/CSS/mask-mode
https://developer.mozilla.org/de/docs/Web/CSS/mask-origin
https://developer.mozilla.org/de/docs/Web/CSS/mask-position
https://developer.mozilla.org/de/docs/Web/CSS/mask-repeat
https://developer.mozilla.org/de/docs/Web/CSS/mask-size
https://developer.mozilla.org/de/docs/Web/CSS/mask-type
https://developer.mozilla.org/de/docs/Web/CSS/max
https://developer.mozilla.org/de/docs/Web/CSS/max-height
https://developer.mozilla.org/de/docs/Web/CSS/max-width
https://developer.mozilla.org/de/docs/Web/CSS/min
https://developer.mozilla.org/de/docs/Web/CSS/min-block-size
https://developer.mozilla.org/de/docs/Web/CSS/min-height
https://developer.mozilla.org/de/docs/Web/CSS/min-inline-size
https://developer.mozilla.org/de/docs/Web/CSS/min-width
https://developer.mozilla.org/de/docs/Web/CSS/minmax
https://developer.mozilla.org/de/docs/Web/CSS/mix-blend-mode
https://developer.mozilla.org/de/docs/Web/CSS/number
https://developer.mozilla.org/de/docs/Web/CSS/object-fit
https://developer.mozilla.org/de/docs/Web/CSS/object-position
https://developer.mozilla.org/de/docs/Web/CSS/opacity
https://developer.mozilla.org/de/docs/Web/CSS/order
https://developer.mozilla.org/de/docs/Web/CSS/orphans
https://developer.mozilla.org/de/docs/Web/CSS/outline
https://developer.mozilla.org/de/docs/Web/CSS/outline-color
https://developer.mozilla.org/de/docs/Web/CSS/outline-offset
https://developer.mozilla.org/de/docs/Web/CSS/outline-style
https://developer.mozilla.org/de/docs/Web/CSS/outline-width
https://developer.mozilla.org/de/docs/Web/CSS/overflow
https://developer.mozilla.org/de/docs/Web/CSS/overflow-wrap
https://developer.mozilla.org/de/docs/Web/CSS/overflow-x
https://developer.mozilla.org/de/docs/Web/CSS/overflow-y
https://developer.mozilla.org/de/docs/Web/CSS/padding
https://developer.mozilla.org/de/docs/Web/CSS/padding-block
https://developer.mozilla.org/de/docs/Web/CSS/padding-block-end
https://developer.mozilla.org/de/docs/Web/CSS/padding-block-start
https://developer.mozilla.org/de/docs/Web/CSS/padding-bottom
https://developer.mozilla.org/de/docs/Web/CSS/padding-inline
https://developer.mozilla.org/de/docs/Web/CSS/padding-inline-end
https://developer.mozilla.org/de/docs/Web/CSS/padding-inline-start
https://developer.mozilla.org/de/docs/Web/CSS/padding-left
https://developer.mozilla.org/de/docs/Web/CSS/padding-right
https://developer.mozilla.org/de/docs/Web/CSS/padding-top
https://developer.mozilla.org/de/docs/Web/CSS/page-break-after
https://developer.mozilla.org/de/docs/Web/CSS/page-break-before
https://developer.mozilla.org/de/docs/Web/CSS/page-break-inside
https://developer.mozilla.org/de/docs/Web/CSS/percentage
https://developer.mozilla.org/de/docs/Web/CSS/perspective
https://developer.mozilla.org/de/docs/Web/CSS/perspective-origin
https://developer.mozilla.org/de/docs/Web/CSS/place-content
https://developer.mozilla.org/de/docs/Web/CSS/place-items
https://developer.mozilla.org/de/docs/Web/CSS/pointer-events
https://developer.mozilla.org/de/docs/Web/CSS/position
https://developer.mozilla.org/de/docs/Web/CSS/quotes
https://developer.mozilla.org/de/docs/Web/CSS/radial-gradient
https://developer.mozilla.org/de/docs/Web/CSS/ratio
https://developer.mozilla.org/de/docs/Web/CSS/repeat
https://developer.mozilla.org/de/docs/Web/CSS/repeating-linear-gradient
https://developer.mozilla.org/de/docs/Web/CSS/repeating-radial-gradient
https://developer.mozilla.org/de/docs/Web/CSS/resize
https://developer.mozilla.org/de/docs/Web/CSS/resolution
https://developer.mozilla.org/de/docs/Web/CSS/revert
https://developer.mozilla.org/de/docs/Web/CSS/right
https://developer.mozilla.org/de/docs/Web/CSS/rotate
https://developer.mozilla.org/de/docs/Web/CSS/row-gap
https://developer.mozilla.org/de/docs/Web/CSS/scale
https://developer.mozilla.org/de/docs/Web/CSS/scroll-behavior
https://developer.mozilla.org/de/docs/Web/CSS/scroll-margin
https://developer.mozilla.org/de/docs/Web/CSS/scroll-margin-block
https://developer.mozilla.org/de/docs/Web/CSS/scroll-margin-block-end
https://developer.mozilla.org/de/docs/Web/CSS/scroll-margin-block-start
https://developer.mozilla.org/de/docs/Web/CSS/scroll-margin-bottom
https://developer.mozilla.org/de/docs/Web/CSS/scroll-margin-inline
https://developer.mozilla.org/de/docs/Web/CSS/scroll-margin-inline-end
https://developer.mozilla.org/de/docs/Web/CSS/scroll-margin-inline-start
https://developer.mozilla.org/de/docs/Web/CSS/scroll-margin-left
https://developer.mozilla.org/de/docs/Web/CSS/scroll-margin-right
https://developer.mozilla.org/de/docs/Web/CSS/scroll-margin-top
https://developer.mozilla.org/de/docs/Web/CSS/scroll-padding
https://developer.mozilla.org/de/docs/Web/CSS/scroll-padding-block
https://developer.mozilla.org/de/docs/Web/CSS/scroll-padding-block-end
https://developer.mozilla.org/de/docs/Web/CSS/scroll-padding-block-start
https://developer.mozilla.org/de/docs/Web/CSS/scroll-padding-bottom
https://developer.mozilla.org/de/docs/Web/CSS/scroll-padding-inline
https://developer.mozilla.org/de/docs/Web/CSS/scroll-padding-inline-end
https://developer.mozilla.org/de/docs/Web/CSS/scroll-padding-inline-start
https://developer.mozilla.org/de/docs/Web/CSS/scroll-padding-left
https://developer.mozilla.org/de/docs/Web/CSS/scroll-padding-right
https://developer.mozilla.org/de/docs/Web/CSS/scroll-padding-top
https://developer.mozilla.org/de/docs/Web/CSS/scroll-snap-align
https://developer.mozilla.org/de/docs/Web/CSS/scroll-snap-stop
https://developer.mozilla.org/de/docs/Web/CSS/scroll-snap-type
https://developer.mozilla.org/de/docs/Web/CSS/scrollbar-color
https://developer.mozilla.org/de/docs/Web/CSS/scrollbar-width
https://developer.mozilla.org/de/docs/Web/CSS/shape
https://developer.mozilla.org/de/docs/Web/CSS/shape-image-threshold
https://developer.mozilla.org/de/docs/Web/CSS/shape-margin
https://developer.mozilla.org/de/docs/Web/CSS/shape-outside
https://developer.mozilla.org/de/docs/Web/CSS/string
https://developer.mozilla.org/de/docs/Web/CSS/symbols
https://developer.mozilla.org/de/docs/Web/CSS/tab-size
https://developer.mozilla.org/de/docs/Web/CSS/table-layout
https://developer.mozilla.org/de/docs/Web/CSS/target-counter
https://developer.mozilla.org/de/docs/Web/CSS/target-counters
https://developer.mozilla.org/de/docs/Web/CSS/target-text
https://developer.mozilla.org/de/docs/Web/CSS/text-align
https://developer.mozilla.org/de/docs/Web/CSS/text-align-last
https://developer.mozilla.org/de/docs/Web/CSS/text-combine-upright
https://developer.mozilla.org/de/docs/Web/CSS/text-decoration
https://developer.mozilla.org/de/docs/Web/CSS/text-decoration-color
https://developer.mozilla.org/de/docs/Web/CSS/text-decoration-line
https://developer.mozilla.org/de/docs/Web/CSS/text-decoration-style
https://developer.mozilla.org/de/docs/Web/CSS/text-emphasis
https://developer.mozilla.org/de/docs/Web/CSS/text-emphasis-color
https://developer.mozilla.org/de/docs/Web/CSS/text-emphasis-position
https://developer.mozilla.org/de/docs/Web/CSS/text-emphasis-style
https://developer.mozilla.org/de/docs/Web/CSS/text-indent
https://developer.mozilla.org/de/docs/Web/CSS/text-justify
https://developer.mozilla.org/de/docs/Web/CSS/text-orientation
https://developer.mozilla.org/de/docs/Web/CSS/text-overflow
https://developer.mozilla.org/de/docs/Web/CSS/text-rendering
https://developer.mozilla.org/de/docs/Web/CSS/text-shadow
https://developer.mozilla.org/de/docs/Web/CSS/text-transform
https://developer.mozilla.org/de/docs/Web/CSS/text-underline-position
https://developer.mozilla.org/de/docs/Web/CSS/time
https://developer.mozilla.org/de/docs/Web/CSS/timing-function
https://developer.mozilla.org/de/docs/Web/CSS/top
https://developer.mozilla.org/de/docs/Web/CSS/touch-action
https://developer.mozilla.org/de/docs/Web/CSS/transform
https://developer.mozilla.org/de/docs/Web/CSS/transform-box
https://developer.mozilla.org/de/docs/Web/CSS/transform-function
https://developer.mozilla.org/de/docs/Web/CSS/transform-origin
https://developer.mozilla.org/de/docs/Web/CSS/transform-style
https://developer.mozilla.org/de/docs/Web/CSS/transition
https://developer.mozilla.org/de/docs/Web/CSS/transition-delay
https://developer.mozilla.org/de/docs/Web/CSS/transition-duration
https://developer.mozilla.org/de/docs/Web/CSS/transition-property
https://developer.mozilla.org/de/docs/Web/CSS/transition-timing-function
https://developer.mozilla.org/de/docs/Web/CSS/translate
https://developer.mozilla.org/de/docs/Web/CSS/unicode-bidi
https://developer.mozilla.org/de/docs/Web/CSS/unset
https://developer.mozilla.org/de/docs/Web/CSS/url
https://developer.mozilla.org/de/docs/Web/CSS/var
https://developer.mozilla.org/de/docs/Web/CSS/vertical-align
https://developer.mozilla.org/de/docs/Web/CSS/visibility
https://developer.mozilla.org/de/docs/Web/CSS/white-space
https://developer.mozilla.org/de/docs/Web/CSS/widows
https://developer.mozilla.org/de/docs/Web/CSS/width
https://developer.mozilla.org/de/docs/Web/CSS/will-change
https://developer.mozilla.org/de/docs/Web/CSS/word-break
https://developer.mozilla.org/de/docs/Web/CSS/word-spacing
https://developer.mozilla.org/de/docs/Web/CSS/word-wrap
https://developer.mozilla.org/de/docs/Web/CSS/writing-mode
https://developer.mozilla.org/de/docs/Web/CSS/z-index
https://developer.mozilla.org/de/docs/Web/CSS/inheritance